---test empty
BEGIN DOCUMENT
BEGIN LINE 1
FIELD 0: ''
END LINE 1
END DOCUMENT
0
---test one field
BEGIN DOCUMENT
BEGIN LINE 1
FIELD 0: 'field'
END LINE 1
END DOCUMENT
0
---test two fields
BEGIN DOCUMENT
BEGIN LINE 1
FIELD 0: 'field1'
FIELD 1: 'field2'
END LINE 1
END DOCUMENT
0
